Dead lithium decay rate [s-1]: x5.0
Negative electrode LAM constant proportional term [s-1]: x20.0
Positive electrode LAM constant proportional term [s-1]: x20.0
SEI solvent diffusivity [m2.s-1]: x20.0
At t = 45.2404 and h = 4.45062e-16, the corrector convergence failed repeatedly or with |h| = hmin.
At t = 14.9405 and h = 1.39022e-17, the corrector convergence failed repeatedly or with |h| = hmin.
At t = 14.9405 and h = 7.44553e-18, the corrector convergence failed repeatedly or with |h| = hmin.
At t = 7.36543 and h = 5.07524e-16, the corrector convergence failed repeatedly or with |h| = hmin.
At t = 3.57788 and h = 1.25289e-15, the corrector convergence failed repeatedly or with |h| = hmin.
At t = 1.68414 and h = 2.15503e-17, the corrector convergence failed repeatedly or with |h| = hmin.
At t = 0.737257 and h = 6.79008e-16, the corrector convergence failed repeatedly or with |h| = hmin.
At t = 0.263822 and h = 6.14291e-16, the corrector convergence failed repeatedly or with |h| = hmin.
At t = 0.0271034 and h = 7.76088e-17, the corrector convergence failed repeatedly or with |h| = hmin.
At t = 0.0271034 and h = 7.75253e-17, the corrector convergence failed repeatedly or with |h| = hmin.
At t = 0.0271043 and h = 2.51824e-14, the corrector convergence failed repeatedly or with |h| = hmin.
At t = 0.0271035 and h = 3.97487e-17, the corrector convergence failed repeatedly or with |h| = hmin.
At t = 0.0123089 and h = 5.02093e-17, the corrector convergence failed repeatedly or with |h| = hmin.
At t = 0.00491215 and h = 5.34505e-18, the corrector convergence failed repeatedly or with |h| = hmin.
At t = 0.00121341 and h = 5.23339e-16, the corrector convergence failed repeatedly or with |h| = hmin.
At t = 0.00121342 and h = 3.52269e-16, the corrector convergence failed repeatedly or with |h| = hmin.
At t = 0.000288713 and h = 1.13333e-17, the corrector convergence failed repeatedly or with |h| = hmin.
At t = 0.000288701 and h = 5.66127e-17, the corrector convergence failed repeatedly or with |h| = hmin.
At t = 5.75094e-05 and h = 3.70005e-16, the corrector convergence failed repeatedly or with |h| = hmin.
At t = 5.75029e-05 and h = 2.42843e-15, the corrector convergence failed repeatedly or with |h| = hmin.
At t = 5.75108e-05 and h = 4.95596e-16, the corrector convergence failed repeatedly or with |h| = hmin.
At t = 2.86147e-05 and h = 1.43413e-15, the corrector convergence failed repeatedly or with |h| = hmin.
At t = 1.41653e-05 and h = 7.76862e-17, the corrector convergence failed repeatedly or with |h| = hmin.
At t = 6.94124e-06 and h = 8.89235e-18, the corrector convergence failed repeatedly or with |h| = hmin.
At t = 3.32911e-06 and h = 1.10383e-16, the corrector convergence failed repeatedly or with |h| = hmin.
At t = 1.52298e-06 and h = 2.35435e-15, the corrector convergence failed repeatedly or with |h| = hmin.
At t = 6.20565e-07 and h = 1.02484e-15, the corrector convergence failed repeatedly or with |h| = hmin.
At t = 1.68464e-07 and h = 3.17753e-17, the corrector convergence failed repeatedly or with |h| = hmin.
At t = 1.68457e-07 and h = 3.87531e-16, the corrector convergence failed repeatedly or with |h| = hmin.
At t = 5.58759e-08 and h = 5.49993e-16, the corrector convergence failed repeatedly or with |h| = hmin.
At t = 5.55699e-08 and h = 1.2783e-17, the corrector convergence failed repeatedly or with |h| = hmin.
At t = 2.75643e-08 and h = 6.24274e-16, the corrector convergence failed repeatedly or with |h| = hmin.
At t = 1.37007e-08 and h = 3.12895e-16, the corrector convergence failed repeatedly or with |h| = hmin.
At t = 6.64576e-09 and h = 3.3269e-16, the corrector convergence failed repeatedly or with |h| = hmin.
At t = 2.73697e-09 and h = 7.53453e-16, the corrector convergence failed repeatedly or with |h| = hmin.
At t = 9.02917e-10 and h = 3.57149e-16, the corrector convergence failed repeatedly or with |h| = hmin.
The linesearch algorithm failed with too small a step.
