  eval   1 (   16 s): rms   48.68 mV | k0_1 1, k0_2 1, k0_3 1, b_1 1, b_2 1, b_3 1, U0_1 0, Z_CC 1
  eval   2 (   31 s): rms   48.68 mV | k0_1 1, k0_2 1, k0_3 1, b_1 1, b_2 1, b_3 1, U0_1 0, Z_CC 1
  eval   3 (   45 s): rms   48.68 mV | k0_1 1, k0_2 1, k0_3 1, b_1 1, b_2 1, b_3 1, U0_1 0, Z_CC 1
  eval   4 (   58 s): rms   48.67 mV | k0_1 1, k0_2 1, k0_3 1, b_1 1, b_2 1, b_3 1, U0_1 0, Z_CC 1
  eval   5 (   71 s): rms   48.67 mV | k0_1 1, k0_2 1, k0_3 1, b_1 1, b_2 1, b_3 1, U0_1 0, Z_CC 1
  eval   6 (   84 s): rms   48.68 mV | k0_1 1, k0_2 1, k0_3 1, b_1 1, b_2 1, b_3 1, U0_1 0, Z_CC 1
  eval   7 (   97 s): rms   48.68 mV | k0_1 1, k0_2 1, k0_3 1, b_1 1, b_2 1, b_3 1, U0_1 0, Z_CC 1
  eval   8 (  110 s): rms   48.67 mV | k0_1 1, k0_2 1, k0_3 1, b_1 1, b_2 1, b_3 1, U0_1 0, Z_CC 1
  eval   9 (  126 s): rms   48.67 mV | k0_1 1, k0_2 1, k0_3 1, b_1 1, b_2 1, b_3 1, U0_1 1.49e-09, Z_CC 1
  eval  10 (  141 s): rms   48.68 mV | k0_1 1, k0_2 1, k0_3 1, b_1 1, b_2 1, b_3 1, U0_1 0, Z_CC 1
  eval  11 (  155 s): rms   45.67 mV | k0_1 0.9999, k0_2 1, k0_3 0.9996, b_1 1.003, b_2 1, b_3 0.9994, U0_1 1.538e-05, Z_CC 1.181
  eval  12 (  168 s): rms   45.67 mV | k0_1 0.9999, k0_2 1, k0_3 0.9996, b_1 1.003, b_2 1, b_3 0.9994, U0_1 1.538e-05, Z_CC 1.181
  eval  13 (  181 s): rms   45.67 mV | k0_1 0.9999, k0_2 1, k0_3 0.9996, b_1 1.003, b_2 1, b_3 0.9994, U0_1 1.538e-05, Z_CC 1.181
  eval  14 (  196 s): rms   45.67 mV | k0_1 0.9999, k0_2 1, k0_3 0.9996, b_1 1.003, b_2 1, b_3 0.9994, U0_1 1.538e-05, Z_CC 1.181
  eval  15 (  209 s): rms   45.67 mV | k0_1 0.9999, k0_2 1, k0_3 0.9996, b_1 1.003, b_2 1, b_3 0.9994, U0_1 1.538e-05, Z_CC 1.181
  eval  16 (  223 s): rms   45.67 mV | k0_1 0.9999, k0_2 1, k0_3 0.9996, b_1 1.003, b_2 1, b_3 0.9994, U0_1 1.538e-05, Z_CC 1.181
  eval  17 (  236 s): rms   45.67 mV | k0_1 0.9999, k0_2 1, k0_3 0.9996, b_1 1.003, b_2 1, b_3 0.9994, U0_1 1.538e-05, Z_CC 1.181
  eval  18 (  251 s): rms   45.67 mV | k0_1 0.9999, k0_2 1, k0_3 0.9996, b_1 1.003, b_2 1, b_3 0.9994, U0_1 1.569e-05, Z_CC 1.181
  eval  19 (  265 s): rms   45.81 mV | k0_1 0.9999, k0_2 1, k0_3 0.9996, b_1 1.003, b_2 1, b_3 0.9994, U0_1 1.538e-05, Z_CC 1.185
  eval  20 (  279 s): rms   45.66 mV | k0_1 0.9689, k0_2 1.002, k0_3 0.9755, b_1 1.004, b_2 1.004, b_3 0.9946, U0_1 -0.000949, Z_CC 1.176
  eval  21 (  292 s): rms   45.66 mV | k0_1 0.9683, k0_2 1.002, k0_3 0.9755, b_1 1.004, b_2 1.004, b_3 0.9946, U0_1 -0.000949, Z_CC 1.176
  eval  22 (  306 s): rms   45.66 mV | k0_1 0.9689, k0_2 1.002, k0_3 0.9755, b_1 1.004, b_2 1.004, b_3 0.9946, U0_1 -0.000949, Z_CC 1.176
  eval  23 (  318 s): rms   45.66 mV | k0_1 0.9689, k0_2 1.002, k0_3 0.975, b_1 1.004, b_2 1.004, b_3 0.9946, U0_1 -0.000949, Z_CC 1.176
  eval  24 (  331 s): rms   45.65 mV | k0_1 0.9689, k0_2 1.002, k0_3 0.9755, b_1 1.004, b_2 1.004, b_3 0.9946, U0_1 -0.000949, Z_CC 1.176
  eval  25 (  345 s): rms   45.66 mV | k0_1 0.9689, k0_2 1.002, k0_3 0.9755, b_1 1.004, b_2 1.004, b_3 0.9946, U0_1 -0.000949, Z_CC 1.176
  eval  26 (  357 s): rms   45.64 mV | k0_1 0.9689, k0_2 1.002, k0_3 0.9755, b_1 1.004, b_2 1.004, b_3 0.9945, U0_1 -0.000949, Z_CC 1.176
  eval  27 (  372 s): rms   45.66 mV | k0_1 0.9689, k0_2 1.002, k0_3 0.9755, b_1 1.004, b_2 1.004, b_3 0.9946, U0_1 -0.000968, Z_CC 1.176
  eval  28 (  386 s): rms   45.79 mV | k0_1 0.9689, k0_2 1.002, k0_3 0.9755, b_1 1.004, b_2 1.004, b_3 0.9946, U0_1 -0.000949, Z_CC 1.18
  eval  29 (  400 s): rms   44.50 mV | k0_1 0.9689, k0_2 0.998, k0_3 0.977, b_1 1.006, b_2 0.9988, b_3 0.9873, U0_1 -0.0008872, Z_CC 1.172
  eval  30 (  413 s): rms   44.50 mV | k0_1 0.9683, k0_2 0.998, k0_3 0.977, b_1 1.006, b_2 0.9988, b_3 0.9873, U0_1 -0.0008872, Z_CC 1.172
  eval  31 (  427 s): rms   44.50 mV | k0_1 0.9689, k0_2 0.998, k0_3 0.977, b_1 1.006, b_2 0.9988, b_3 0.9873, U0_1 -0.0008872, Z_CC 1.172
  eval  32 (  439 s): rms   44.50 mV | k0_1 0.9689, k0_2 0.998, k0_3 0.9765, b_1 1.006, b_2 0.9988, b_3 0.9873, U0_1 -0.0008872, Z_CC 1.172
  eval  33 (  452 s): rms   44.50 mV | k0_1 0.9689, k0_2 0.998, k0_3 0.977, b_1 1.006, b_2 0.9988, b_3 0.9873, U0_1 -0.0008872, Z_CC 1.172
  eval  34 (  466 s): rms   44.49 mV | k0_1 0.9689, k0_2 0.998, k0_3 0.977, b_1 1.006, b_2 0.9987, b_3 0.9873, U0_1 -0.0008872, Z_CC 1.172
  eval  35 (  480 s): rms   44.47 mV | k0_1 0.9689, k0_2 0.998, k0_3 0.977, b_1 1.006, b_2 0.9988, b_3 0.9871, U0_1 -0.0008872, Z_CC 1.172
  eval  36 (  494 s): rms   44.49 mV | k0_1 0.9689, k0_2 0.998, k0_3 0.977, b_1 1.006, b_2 0.9988, b_3 0.9873, U0_1 -0.000905, Z_CC 1.172
  eval  37 (  506 s): rms   44.62 mV | k0_1 0.9689, k0_2 0.998, k0_3 0.977, b_1 1.006, b_2 0.9988, b_3 0.9873, U0_1 -0.0008872, Z_CC 1.176
  eval  38 (  521 s): rms   42.25 mV | k0_1 0.9689, k0_2 0.9987, k0_3 0.9789, b_1 1.007, b_2 0.9825, b_3 0.9758, U0_1 -0.001002, Z_CC 1.167
  eval  39 (  534 s): rms   42.25 mV | k0_1 0.9682, k0_2 0.9987, k0_3 0.9789, b_1 1.007, b_2 0.9825, b_3 0.9758, U0_1 -0.001002, Z_CC 1.167
  eval  40 (  547 s): rms   42.25 mV | k0_1 0.9689, k0_2 0.9987, k0_3 0.9789, b_1 1.007, b_2 0.9825, b_3 0.9758, U0_1 -0.001002, Z_CC 1.167
  eval  41 (  561 s): rms   42.26 mV | k0_1 0.9689, k0_2 0.9987, k0_3 0.9785, b_1 1.007, b_2 0.9825, b_3 0.9758, U0_1 -0.001002, Z_CC 1.167
  eval  42 (  573 s): rms   42.25 mV | k0_1 0.9689, k0_2 0.9987, k0_3 0.9789, b_1 1.007, b_2 0.9825, b_3 0.9758, U0_1 -0.001002, Z_CC 1.167
  eval  43 (  586 s): rms   42.24 mV | k0_1 0.9689, k0_2 0.9987, k0_3 0.9789, b_1 1.007, b_2 0.9821, b_3 0.9758, U0_1 -0.001002, Z_CC 1.167
  eval  44 (  599 s): rms   42.20 mV | k0_1 0.9689, k0_2 0.9987, k0_3 0.9789, b_1 1.007, b_2 0.9825, b_3 0.9753, U0_1 -0.001002, Z_CC 1.167
  eval  45 (  611 s): rms   42.25 mV | k0_1 0.9689, k0_2 0.9987, k0_3 0.9789, b_1 1.007, b_2 0.9825, b_3 0.9758, U0_1 -0.001022, Z_CC 1.167
  eval  46 (  625 s): rms   42.35 mV | k0_1 0.9689, k0_2 0.9987, k0_3 0.9789, b_1 1.007, b_2 0.9825, b_3 0.9758, U0_1 -0.001002, Z_CC 1.171
  eval  47 (  639 s): rms   39.96 mV | k0_1 0.9683, k0_2 1.005, k0_3 0.9824, b_1 1.007, b_2 0.9737, b_3 0.9594, U0_1 -0.0009742, Z_CC 1.162
  eval  48 (  653 s): rms   39.96 mV | k0_1 0.9677, k0_2 1.005, k0_3 0.9824, b_1 1.007, b_2 0.9737, b_3 0.9594, U0_1 -0.0009742, Z_CC 1.162
  eval  49 (  666 s): rms   39.96 mV | k0_1 0.9683, k0_2 1.005, k0_3 0.9824, b_1 1.007, b_2 0.9737, b_3 0.9594, U0_1 -0.0009742, Z_CC 1.162
  eval  50 (  680 s): rms   39.97 mV | k0_1 0.9683, k0_2 1.005, k0_3 0.9821, b_1 1.007, b_2 0.9737, b_3 0.9594, U0_1 -0.0009742, Z_CC 1.162
  eval  51 (  693 s): rms   39.96 mV | k0_1 0.9683, k0_2 1.005, k0_3 0.9824, b_1 1.007, b_2 0.9737, b_3 0.9594, U0_1 -0.0009742, Z_CC 1.162
  eval  52 (  706 s): rms   39.93 mV | k0_1 0.9683, k0_2 1.005, k0_3 0.9824, b_1 1.007, b_2 0.9732, b_3 0.9594, U0_1 -0.0009742, Z_CC 1.162
  eval  53 (  718 s): rms   39.89 mV | k0_1 0.9683, k0_2 1.005, k0_3 0.9824, b_1 1.007, b_2 0.9737, b_3 0.9586, U0_1 -0.0009742, Z_CC 1.162
  eval  54 (  732 s): rms   39.96 mV | k0_1 0.9683, k0_2 1.005, k0_3 0.9824, b_1 1.007, b_2 0.9737, b_3 0.9594, U0_1 -0.0009937, Z_CC 1.162
  eval  55 (  744 s): rms   40.03 mV | k0_1 0.9683, k0_2 1.005, k0_3 0.9824, b_1 1.007, b_2 0.9737, b_3 0.9594, U0_1 -0.0009742, Z_CC 1.166
  eval  56 (  757 s): rms   36.13 mV | k0_1 0.9683, k0_2 1.014, k0_3 0.9899, b_1 1.006, b_2 0.9516, b_3 0.9296, U0_1 -0.0004859, Z_CC 1.157
  eval  57 (  771 s): rms   36.13 mV | k0_1 0.9677, k0_2 1.014, k0_3 0.9899, b_1 1.006, b_2 0.9516, b_3 0.9296, U0_1 -0.0004859, Z_CC 1.157
  eval  58 (  783 s): rms   36.13 mV | k0_1 0.9683, k0_2 1.014, k0_3 0.9899, b_1 1.006, b_2 0.9516, b_3 0.9296, U0_1 -0.0004859, Z_CC 1.157
  eval  59 (  797 s): rms   36.13 mV | k0_1 0.9683, k0_2 1.014, k0_3 0.9897, b_1 1.006, b_2 0.9516, b_3 0.9296, U0_1 -0.0004859, Z_CC 1.157
  eval  60 (  809 s): rms   36.13 mV | k0_1 0.9683, k0_2 1.014, k0_3 0.9899, b_1 1.006, b_2 0.9516, b_3 0.9296, U0_1 -0.0004859, Z_CC 1.157
  eval  61 (  823 s): rms   36.08 mV | k0_1 0.9683, k0_2 1.014, k0_3 0.9899, b_1 1.006, b_2 0.9506, b_3 0.9296, U0_1 -0.0004859, Z_CC 1.157
  eval  62 (  837 s): rms   36.03 mV | k0_1 0.9683, k0_2 1.014, k0_3 0.9899, b_1 1.006, b_2 0.9516, b_3 0.9283, U0_1 -0.0004859, Z_CC 1.157
  eval  63 (  850 s): rms   36.13 mV | k0_1 0.9683, k0_2 1.014, k0_3 0.9899, b_1 1.006, b_2 0.9516, b_3 0.9296, U0_1 -0.0004956, Z_CC 1.157
  eval  64 (  863 s): rms   36.15 mV | k0_1 0.9683, k0_2 1.014, k0_3 0.9899, b_1 1.006, b_2 0.9516, b_3 0.9296, U0_1 -0.0004859, Z_CC 1.16
  eval  65 (  877 s): rms   31.39 mV | k0_1 0.9671, k0_2 1.018, k0_3 1.014, b_1 0.9973, b_2 0.8976, b_3 0.893, U0_1 0.002608, Z_CC 1.172
  eval  66 (  890 s): rms   31.39 mV | k0_1 0.9665, k0_2 1.018, k0_3 1.014, b_1 0.9973, b_2 0.8976, b_3 0.893, U0_1 0.002608, Z_CC 1.172
  eval  67 (  904 s): rms   31.39 mV | k0_1 0.9671, k0_2 1.019, k0_3 1.014, b_1 0.9973, b_2 0.8976, b_3 0.893, U0_1 0.002608, Z_CC 1.172
  eval  68 (  918 s): rms   31.39 mV | k0_1 0.9671, k0_2 1.018, k0_3 1.014, b_1 0.9973, b_2 0.8976, b_3 0.893, U0_1 0.002608, Z_CC 1.172
  eval  69 (  931 s): rms   31.39 mV | k0_1 0.9671, k0_2 1.018, k0_3 1.014, b_1 0.9973, b_2 0.8976, b_3 0.893, U0_1 0.002608, Z_CC 1.172
  eval  70 (  945 s): rms   31.31 mV | k0_1 0.9671, k0_2 1.018, k0_3 1.014, b_1 0.9973, b_2 0.8957, b_3 0.893, U0_1 0.002608, Z_CC 1.172
  eval  71 (  959 s): rms   31.32 mV | k0_1 0.9671, k0_2 1.018, k0_3 1.014, b_1 0.9973, b_2 0.8976, b_3 0.891, U0_1 0.002608, Z_CC 1.172
  eval  72 (  972 s): rms   31.39 mV | k0_1 0.9671, k0_2 1.018, k0_3 1.014, b_1 0.9973, b_2 0.8976, b_3 0.893, U0_1 0.00266, Z_CC 1.172
  eval  73 (  985 s): rms   31.38 mV | k0_1 0.9671, k0_2 1.018, k0_3 1.014, b_1 0.9973, b_2 0.8976, b_3 0.893, U0_1 0.002608, Z_CC 1.175
  eval  74 (  998 s): rms   26.79 mV | k0_1 0.983, k0_2 1.019, k0_3 1.068, b_1 1.057, b_2 0.7911, b_3 0.8768, U0_1 0.008391, Z_CC 1.205
  eval  75 ( 1013 s): rms   26.79 mV | k0_1 0.9827, k0_2 1.019, k0_3 1.068, b_1 1.057, b_2 0.7911, b_3 0.8768, U0_1 0.008391, Z_CC 1.205
  eval  76 ( 1029 s): rms   26.79 mV | k0_1 0.983, k0_2 1.019, k0_3 1.068, b_1 1.057, b_2 0.7911, b_3 0.8768, U0_1 0.008391, Z_CC 1.205
  eval  77 ( 1042 s): rms   26.78 mV | k0_1 0.983, k0_2 1.019, k0_3 1.07, b_1 1.057, b_2 0.7911, b_3 0.8768, U0_1 0.008391, Z_CC 1.205
  eval  78 ( 1057 s): rms   26.80 mV | k0_1 0.983, k0_2 1.019, k0_3 1.068, b_1 1.058, b_2 0.7911, b_3 0.8768, U0_1 0.008391, Z_CC 1.205
  eval  79 ( 1071 s): rms   26.72 mV | k0_1 0.983, k0_2 1.019, k0_3 1.068, b_1 1.057, b_2 0.7874, b_3 0.8768, U0_1 0.008391, Z_CC 1.205
  eval  80 ( 1083 s): rms   26.76 mV | k0_1 0.983, k0_2 1.019, k0_3 1.068, b_1 1.057, b_2 0.7911, b_3 0.8745, U0_1 0.008391, Z_CC 1.205
  eval  81 ( 1097 s): rms   26.78 mV | k0_1 0.983, k0_2 1.019, k0_3 1.068, b_1 1.057, b_2 0.7911, b_3 0.8768, U0_1 0.008559, Z_CC 1.205
  eval  82 ( 1110 s): rms   26.78 mV | k0_1 0.983, k0_2 1.019, k0_3 1.068, b_1 1.057, b_2 0.7911, b_3 0.8768, U0_1 0.008391, Z_CC 1.21
  eval  83 ( 1123 s): rms   22.73 mV | k0_1 1.03, k0_2 0.9594, k0_3 1.397, b_1 1.043, b_2 0.6992, b_3 0.8987, U0_1 0.01818, Z_CC 1.266
  eval  84 ( 1136 s): rms   22.73 mV | k0_1 1.031, k0_2 0.9594, k0_3 1.397, b_1 1.043, b_2 0.6992, b_3 0.8987, U0_1 0.01818, Z_CC 1.266
  eval  85 ( 1149 s): rms   22.73 mV | k0_1 1.03, k0_2 0.9586, k0_3 1.397, b_1 1.043, b_2 0.6992, b_3 0.8987, U0_1 0.01818, Z_CC 1.266
  eval  86 ( 1162 s): rms   22.68 mV | k0_1 1.03, k0_2 0.9594, k0_3 1.406, b_1 1.043, b_2 0.6992, b_3 0.8987, U0_1 0.01818, Z_CC 1.266
  eval  87 ( 1175 s): rms   22.74 mV | k0_1 1.03, k0_2 0.9594, k0_3 1.397, b_1 1.044, b_2 0.6992, b_3 0.8987, U0_1 0.01818, Z_CC 1.266
  eval  88 ( 1188 s): rms   22.70 mV | k0_1 1.03, k0_2 0.9594, k0_3 1.397, b_1 1.043, b_2 0.6942, b_3 0.8987, U0_1 0.01818, Z_CC 1.266
  eval  89 ( 1200 s): rms   22.72 mV | k0_1 1.03, k0_2 0.9594, k0_3 1.397, b_1 1.043, b_2 0.6992, b_3 0.8968, U0_1 0.01818, Z_CC 1.266
  eval  90 ( 1214 s): rms   22.72 mV | k0_1 1.03, k0_2 0.9594, k0_3 1.397, b_1 1.043, b_2 0.6992, b_3 0.8987, U0_1 0.01854, Z_CC 1.266
  eval  91 ( 1228 s): rms   22.77 mV | k0_1 1.03, k0_2 0.9594, k0_3 1.397, b_1 1.043, b_2 0.6992, b_3 0.8987, U0_1 0.01818, Z_CC 1.272
  eval  92 ( 1243 s): rms   19.43 mV | k0_1 0.7485, k0_2 0.7642, k0_3 2.2, b_1 1.042, b_2 0.6322, b_3 0.9608, U0_1 0.03414, Z_CC 1.281
  eval  93 ( 1256 s): rms   19.43 mV | k0_1 0.7442, k0_2 0.7642, k0_3 2.2, b_1 1.042, b_2 0.6322, b_3 0.9608, U0_1 0.03414, Z_CC 1.281
  eval  94 ( 1270 s): rms   19.43 mV | k0_1 0.7485, k0_2 0.7601, k0_3 2.2, b_1 1.042, b_2 0.6322, b_3 0.9608, U0_1 0.03414, Z_CC 1.281
  eval  95 ( 1286 s): rms   19.35 mV | k0_1 0.7485, k0_2 0.7642, k0_3 2.235, b_1 1.042, b_2 0.6322, b_3 0.9608, U0_1 0.03414, Z_CC 1.281
  eval  96 ( 1300 s): rms   19.43 mV | k0_1 0.7485, k0_2 0.7642, k0_3 2.2, b_1 1.042, b_2 0.6322, b_3 0.9608, U0_1 0.03414, Z_CC 1.281
  eval  97 ( 1314 s): rms   19.40 mV | k0_1 0.7485, k0_2 0.7642, k0_3 2.2, b_1 1.042, b_2 0.6265, b_3 0.9608, U0_1 0.03414, Z_CC 1.281
  eval  98 ( 1331 s): rms   19.42 mV | k0_1 0.7485, k0_2 0.7642, k0_3 2.2, b_1 1.042, b_2 0.6322, b_3 0.9601, U0_1 0.03414, Z_CC 1.281
  eval  99 ( 1345 s): rms   19.41 mV | k0_1 0.7485, k0_2 0.7642, k0_3 2.2, b_1 1.042, b_2 0.6322, b_3 0.9608, U0_1 0.03482, Z_CC 1.281
  eval 100 ( 1361 s): rms   19.47 mV | k0_1 0.7485, k0_2 0.7642, k0_3 2.2, b_1 1.042, b_2 0.6322, b_3 0.9608, U0_1 0.03414, Z_CC 1.287
  eval 101 ( 1375 s): rms   18.57 mV | k0_1 0.8282, k0_2 0.673, k0_3 2.79, b_1 1.042, b_2 0.5774, b_3 0.9818, U0_1 0.0363, Z_CC 1.303
  eval 102 ( 1393 s): rms   18.57 mV | k0_1 0.8251, k0_2 0.673, k0_3 2.79, b_1 1.042, b_2 0.5774, b_3 0.9818, U0_1 0.0363, Z_CC 1.303
  eval 103 ( 1407 s): rms   18.57 mV | k0_1 0.8282, k0_2 0.6677, k0_3 2.79, b_1 1.042, b_2 0.5774, b_3 0.9818, U0_1 0.0363, Z_CC 1.303
  eval 104 ( 1423 s): rms   18.56 mV | k0_1 0.8282, k0_2 0.673, k0_3 2.848, b_1 1.042, b_2 0.5774, b_3 0.9818, U0_1 0.0363, Z_CC 1.303
  eval 105 ( 1436 s): rms   18.57 mV | k0_1 0.8282, k0_2 0.673, k0_3 2.79, b_1 1.043, b_2 0.5774, b_3 0.9818, U0_1 0.0363, Z_CC 1.303
  eval 106 ( 1450 s): rms   18.57 mV | k0_1 0.8282, k0_2 0.673, k0_3 2.79, b_1 1.042, b_2 0.5711, b_3 0.9818, U0_1 0.0363, Z_CC 1.303
  eval 107 ( 1466 s): rms   18.57 mV | k0_1 0.8282, k0_2 0.673, k0_3 2.79, b_1 1.042, b_2 0.5774, b_3 0.9815, U0_1 0.0363, Z_CC 1.303
  eval 108 ( 1481 s): rms   18.57 mV | k0_1 0.8282, k0_2 0.673, k0_3 2.79, b_1 1.042, b_2 0.5774, b_3 0.9818, U0_1 0.03703, Z_CC 1.303
  eval 109 ( 1494 s): rms   18.61 mV | k0_1 0.8282, k0_2 0.673, k0_3 2.79, b_1 1.042, b_2 0.5774, b_3 0.9818, U0_1 0.0363, Z_CC 1.31
  eval 110 ( 1508 s): rms   18.43 mV | k0_1 1.037, k0_2 0.6775, k0_3 3.142, b_1 0.9979, b_2 0.5697, b_3 0.9973, U0_1 0.02442, Z_CC 1.318
  eval 111 ( 1524 s): rms   18.43 mV | k0_1 1.038, k0_2 0.6775, k0_3 3.142, b_1 0.9979, b_2 0.5697, b_3 0.9973, U0_1 0.02442, Z_CC 1.318
  eval 112 ( 1540 s): rms   18.43 mV | k0_1 1.037, k0_2 0.6722, k0_3 3.142, b_1 0.9979, b_2 0.5697, b_3 0.9973, U0_1 0.02442, Z_CC 1.318
  eval 113 ( 1555 s): rms   18.42 mV | k0_1 1.037, k0_2 0.6775, k0_3 3.214, b_1 0.9979, b_2 0.5697, b_3 0.9973, U0_1 0.02442, Z_CC 1.318
  eval 114 ( 1569 s): rms   18.43 mV | k0_1 1.037, k0_2 0.6775, k0_3 3.142, b_1 0.9979, b_2 0.5697, b_3 0.9973, U0_1 0.02442, Z_CC 1.318
  eval 115 ( 1583 s): rms   18.44 mV | k0_1 1.037, k0_2 0.6775, k0_3 3.142, b_1 0.9979, b_2 0.5634, b_3 0.9973, U0_1 0.02442, Z_CC 1.318
  eval 116 ( 1599 s): rms   18.43 mV | k0_1 1.037, k0_2 0.6775, k0_3 3.142, b_1 0.9979, b_2 0.5697, b_3 0.9973, U0_1 0.02442, Z_CC 1.318
  eval 117 ( 1614 s): rms   18.43 mV | k0_1 1.037, k0_2 0.6775, k0_3 3.142, b_1 0.9979, b_2 0.5697, b_3 0.9973, U0_1 0.02491, Z_CC 1.318
  eval 118 ( 1629 s): rms   18.47 mV | k0_1 1.037, k0_2 0.6775, k0_3 3.142, b_1 0.9979, b_2 0.5697, b_3 0.9973, U0_1 0.02442, Z_CC 1.326
  eval 119 ( 1645 s): rms   35.27 mV | k0_1 0.365, k0_2 0.5188, k0_3 2.508, b_1 1.188, b_2 0.6205, b_3 1.126, U0_1 0.06469, Z_CC 1.188
  eval 120 ( 1659 s): rms   27.00 mV | k0_1 0.8588, k0_2 0.6318, k0_3 3.127, b_1 1.129, b_2 0.6209, b_3 1.1, U0_1 0.03808, Z_CC 1.251
  eval 121 ( 1675 s): rms   20.15 mV | k0_1 1.038, k0_2 0.6707, k0_3 3.148, b_1 1.053, b_2 0.5835, b_3 1.04, U0_1 0.02617, Z_CC 1.293
  eval 122 ( 1689 s): rms   18.56 mV | k0_1 1.037, k0_2 0.6771, k0_3 3.143, b_1 1.013, b_2 0.5708, b_3 1.008, U0_1 0.02458, Z_CC 1.313
  eval 123 ( 1706 s): rms   18.44 mV | k0_1 1.037, k0_2 0.6775, k0_3 3.142, b_1 1.002, b_2 0.5698, b_3 1, U0_1 0.02444, Z_CC 1.318
  eval 124 ( 1720 s): rms   18.43 mV | k0_1 1.037, k0_2 0.6775, k0_3 3.142, b_1 0.9989, b_2 0.5697, b_3 0.998, U0_1 0.02442, Z_CC 1.318
  eval 125 ( 1735 s): rms   18.43 mV | k0_1 1.037, k0_2 0.6775, k0_3 3.142, b_1 0.9982, b_2 0.5697, b_3 0.9975, U0_1 0.02442, Z_CC 1.318
  eval 126 ( 1751 s): rms   18.43 mV | k0_1 1.037, k0_2 0.6775, k0_3 3.142, b_1 0.998, b_2 0.5697, b_3 0.9974, U0_1 0.02442, Z_CC 1.318
  eval 127 ( 1765 s): rms   18.43 mV | k0_1 1.037, k0_2 0.6775, k0_3 3.142, b_1 0.9979, b_2 0.5697, b_3 0.9973, U0_1 0.02442, Z_CC 1.318
  eval 128 ( 1781 s): rms   18.43 mV | k0_1 1.037, k0_2 0.6775, k0_3 3.142, b_1 0.9979, b_2 0.5697, b_3 0.9973, U0_1 0.02442, Z_CC 1.318
  eval 129 ( 1798 s): rms   18.43 mV | k0_1 1.037, k0_2 0.6775, k0_3 3.142, b_1 0.9979, b_2 0.5697, b_3 0.9973, U0_1 0.02442, Z_CC 1.318
  eval 130 ( 1814 s): rms   18.43 mV | k0_1 1.037, k0_2 0.6775, k0_3 3.142, b_1 0.9979, b_2 0.5697, b_3 0.9973, U0_1 0.02442, Z_CC 1.318
{
 "fit_rates": [
  0.1,
  1.0
 ],
 "estimates": {
  "k0_1": 1.0372175956075629,
  "k0_2": 0.6775050733079556,
  "k0_3": 3.1417023160855777,
  "b_1": 0.9979048211403388,
  "b_2": 0.5697309705650253,
  "b_3": 0.9973258077169985,
  "U0_1": 0.02442162445905481,
  "Z_CC": 1.3184586282945276
 },
 "sd_log_or_U0scaled": {
  "k0_1": 0.7476644387072722,
  "k0_2": 0.3644380456081448,
  "k0_3": 0.3208518635087446,
  "b_1": 0.07381881152543836,
  "b_2": 0.16898886137440927,
  "b_3": 0.059393401691123296,
  "U0_1": 0.24582857534112892,
  "Z_CC": 0.056536901188849895
 },
 "rms_initial_mV": 48.67686070754093,
 "rms_fit_mV": 18.426844633253072,
 "nfev": 25,
 "per_rate_rms_mV": {
  "0.05C": {
   "nominal": 31.351329356759567,
   "fitted": 29.105439921089495,
   "role": "prediction"
  },
  "0.1C": {
   "nominal": 50.08917267685054,
   "fitted": 20.49749375635427,
   "role": "fit"
  },
  "0.2C": {
   "nominal": 61.014409168359705,
   "fitted": 31.75219880507481,
   "role": "prediction"
  },
  "1C": {
   "nominal": 46.47799577946893,
   "fitted": 14.786839838432194,
   "role": "fit"
  }
 },
 "wall_s": 1814.1229622364044
}
