  eval   1 (   16 s): rms   48.68 mV | k0_1 1, k0_2 1, k0_3 1, b_1 1, b_2 1, b_3 1, U0_1 0, Z_CC 1
  eval   2 (   30 s): rms   20.66 mV | k0_1 2.383, k0_2 1.808, k0_3 4.68, b_1 1.274, b_2 0.752, b_3 1.042, U0_1 0.03864, Z_CC 1.385
  eval   3 (   44 s): rms   20.66 mV | k0_1 2.425, k0_2 1.808, k0_3 4.68, b_1 1.274, b_2 0.752, b_3 1.042, U0_1 0.03864, Z_CC 1.385
  eval   4 (   58 s): rms   20.70 mV | k0_1 2.383, k0_2 1.83, k0_3 4.68, b_1 1.274, b_2 0.752, b_3 1.042, U0_1 0.03864, Z_CC 1.385
  eval   5 (   71 s): rms   20.68 mV | k0_1 2.383, k0_2 1.808, k0_3 4.827, b_1 1.274, b_2 0.752, b_3 1.042, U0_1 0.03864, Z_CC 1.385
  eval   6 (   87 s): rms   20.71 mV | k0_1 2.383, k0_2 1.808, k0_3 4.68, b_1 1.28, b_2 0.752, b_3 1.042, U0_1 0.03864, Z_CC 1.385
  eval   7 (  101 s): rms   20.72 mV | k0_1 2.383, k0_2 1.808, k0_3 4.68, b_1 1.274, b_2 0.7477, b_3 1.042, U0_1 0.03864, Z_CC 1.385
  eval   8 (  115 s): rms   20.66 mV | k0_1 2.383, k0_2 1.808, k0_3 4.68, b_1 1.274, b_2 0.752, b_3 1.043, U0_1 0.03864, Z_CC 1.385
  eval   9 (  130 s): rms   20.64 mV | k0_1 2.383, k0_2 1.808, k0_3 4.68, b_1 1.274, b_2 0.752, b_3 1.042, U0_1 0.03941, Z_CC 1.385
  eval  10 (  145 s): rms   20.70 mV | k0_1 2.383, k0_2 1.808, k0_3 4.68, b_1 1.274, b_2 0.752, b_3 1.042, U0_1 0.03864, Z_CC 1.394
  eval  11 (  159 s): rms   19.08 mV | k0_1 1.55, k0_2 1.28, k0_3 4.285, b_1 1.172, b_2 0.7362, b_3 1.033, U0_1 0.03372, Z_CC 1.349
  eval  12 (  172 s): rms   19.07 mV | k0_1 1.564, k0_2 1.28, k0_3 4.285, b_1 1.172, b_2 0.7362, b_3 1.033, U0_1 0.03372, Z_CC 1.349
  eval  13 (  186 s): rms   19.08 mV | k0_1 1.55, k0_2 1.286, k0_3 4.285, b_1 1.172, b_2 0.7362, b_3 1.033, U0_1 0.03372, Z_CC 1.349
  eval  14 (  202 s): rms   19.09 mV | k0_1 1.55, k0_2 1.28, k0_3 4.412, b_1 1.172, b_2 0.7362, b_3 1.033, U0_1 0.03372, Z_CC 1.349
  eval  15 (  215 s): rms   19.13 mV | k0_1 1.55, k0_2 1.28, k0_3 4.285, b_1 1.176, b_2 0.7362, b_3 1.033, U0_1 0.03372, Z_CC 1.349
  eval  16 (  228 s): rms   19.08 mV | k0_1 1.55, k0_2 1.28, k0_3 4.285, b_1 1.172, b_2 0.7317, b_3 1.033, U0_1 0.03372, Z_CC 1.349
  eval  17 (  242 s): rms   19.08 mV | k0_1 1.55, k0_2 1.28, k0_3 4.285, b_1 1.172, b_2 0.7362, b_3 1.033, U0_1 0.03372, Z_CC 1.349
  eval  18 (  258 s): rms   19.05 mV | k0_1 1.55, k0_2 1.28, k0_3 4.285, b_1 1.172, b_2 0.7362, b_3 1.033, U0_1 0.03439, Z_CC 1.349
  eval  19 (  273 s): rms   19.19 mV | k0_1 1.55, k0_2 1.28, k0_3 4.285, b_1 1.172, b_2 0.7362, b_3 1.033, U0_1 0.03372, Z_CC 1.358
  eval  20 (  289 s): rms   18.64 mV | k0_1 1.313, k0_2 1.128, k0_3 4.379, b_1 1.113, b_2 0.7133, b_3 1.038, U0_1 0.03235, Z_CC 1.338
  eval  21 (  303 s): rms   18.64 mV | k0_1 1.32, k0_2 1.128, k0_3 4.379, b_1 1.113, b_2 0.7133, b_3 1.038, U0_1 0.03235, Z_CC 1.338
  eval  22 (  317 s): rms   18.64 mV | k0_1 1.313, k0_2 1.131, k0_3 4.379, b_1 1.113, b_2 0.7133, b_3 1.038, U0_1 0.03235, Z_CC 1.338
  eval  23 (  334 s): rms   18.66 mV | k0_1 1.313, k0_2 1.128, k0_3 4.51, b_1 1.113, b_2 0.7133, b_3 1.038, U0_1 0.03235, Z_CC 1.338
  eval  24 (  351 s): rms   18.65 mV | k0_1 1.313, k0_2 1.128, k0_3 4.379, b_1 1.116, b_2 0.7133, b_3 1.038, U0_1 0.03235, Z_CC 1.338
  eval  25 (  367 s): rms   18.65 mV | k0_1 1.313, k0_2 1.128, k0_3 4.379, b_1 1.113, b_2 0.7084, b_3 1.038, U0_1 0.03235, Z_CC 1.338
  eval  26 (  382 s): rms   18.64 mV | k0_1 1.313, k0_2 1.128, k0_3 4.379, b_1 1.113, b_2 0.7133, b_3 1.039, U0_1 0.03235, Z_CC 1.338
  eval  27 (  397 s): rms   18.63 mV | k0_1 1.313, k0_2 1.128, k0_3 4.379, b_1 1.113, b_2 0.7133, b_3 1.038, U0_1 0.033, Z_CC 1.338
  eval  28 (  412 s): rms   18.68 mV | k0_1 1.313, k0_2 1.128, k0_3 4.379, b_1 1.113, b_2 0.7133, b_3 1.038, U0_1 0.03235, Z_CC 1.346
  eval  29 (  427 s): rms   18.49 mV | k0_1 1.199, k0_2 0.937, k0_3 4.115, b_1 1.071, b_2 0.6696, b_3 1.031, U0_1 0.03004, Z_CC 1.332
  eval  30 (  442 s): rms   18.48 mV | k0_1 1.204, k0_2 0.937, k0_3 4.115, b_1 1.071, b_2 0.6696, b_3 1.031, U0_1 0.03004, Z_CC 1.332
  eval  31 (  457 s): rms   18.49 mV | k0_1 1.199, k0_2 0.9358, k0_3 4.115, b_1 1.071, b_2 0.6696, b_3 1.031, U0_1 0.03004, Z_CC 1.332
  eval  32 (  472 s): rms   18.50 mV | k0_1 1.199, k0_2 0.937, k0_3 4.234, b_1 1.071, b_2 0.6696, b_3 1.031, U0_1 0.03004, Z_CC 1.332
  eval  33 (  489 s): rms   18.49 mV | k0_1 1.199, k0_2 0.937, k0_3 4.115, b_1 1.073, b_2 0.6696, b_3 1.031, U0_1 0.03004, Z_CC 1.332
  eval  34 (  508 s): rms   18.48 mV | k0_1 1.199, k0_2 0.937, k0_3 4.115, b_1 1.071, b_2 0.6642, b_3 1.031, U0_1 0.03004, Z_CC 1.332
  eval  35 (  521 s): rms   18.49 mV | k0_1 1.199, k0_2 0.937, k0_3 4.115, b_1 1.071, b_2 0.6696, b_3 1.032, U0_1 0.03004, Z_CC 1.332
  eval  36 (  541 s): rms   18.48 mV | k0_1 1.199, k0_2 0.937, k0_3 4.115, b_1 1.071, b_2 0.6696, b_3 1.031, U0_1 0.03064, Z_CC 1.332
  eval  37 (  560 s): rms   18.53 mV | k0_1 1.199, k0_2 0.937, k0_3 4.115, b_1 1.071, b_2 0.6696, b_3 1.031, U0_1 0.03004, Z_CC 1.34
  eval  38 (  580 s): rms   18.44 mV | k0_1 1.24, k0_2 0.8681, k0_3 4.003, b_1 1.044, b_2 0.6446, b_3 1.026, U0_1 0.02618, Z_CC 1.334
  eval  39 (  597 s): rms   18.44 mV | k0_1 1.246, k0_2 0.8681, k0_3 4.003, b_1 1.044, b_2 0.6446, b_3 1.026, U0_1 0.02618, Z_CC 1.334
  eval  40 (  615 s): rms   18.44 mV | k0_1 1.24, k0_2 0.8657, k0_3 4.003, b_1 1.044, b_2 0.6446, b_3 1.026, U0_1 0.02618, Z_CC 1.334
  eval  41 (  633 s): rms   18.46 mV | k0_1 1.24, k0_2 0.8681, k0_3 4.116, b_1 1.044, b_2 0.6446, b_3 1.026, U0_1 0.02618, Z_CC 1.334
  eval  42 (  654 s): rms   18.44 mV | k0_1 1.24, k0_2 0.8681, k0_3 4.003, b_1 1.045, b_2 0.6446, b_3 1.026, U0_1 0.02618, Z_CC 1.334
  eval  43 (  673 s): rms   18.44 mV | k0_1 1.24, k0_2 0.8681, k0_3 4.003, b_1 1.044, b_2 0.6389, b_3 1.026, U0_1 0.02618, Z_CC 1.334
  eval  44 (  690 s): rms   18.44 mV | k0_1 1.24, k0_2 0.8681, k0_3 4.003, b_1 1.044, b_2 0.6446, b_3 1.027, U0_1 0.02618, Z_CC 1.334
  eval  45 (  707 s): rms   18.44 mV | k0_1 1.24, k0_2 0.8681, k0_3 4.003, b_1 1.044, b_2 0.6446, b_3 1.026, U0_1 0.0267, Z_CC 1.334
  eval  46 (  724 s): rms   18.48 mV | k0_1 1.24, k0_2 0.8681, k0_3 4.003, b_1 1.044, b_2 0.6446, b_3 1.026, U0_1 0.02618, Z_CC 1.341
  eval  47 (  749 s): rms   18.40 mV | k0_1 1.124, k0_2 0.7701, k0_3 3.789, b_1 1.029, b_2 0.6149, b_3 1.021, U0_1 0.02688, Z_CC 1.327
  eval  48 (  770 s): rms   18.40 mV | k0_1 1.126, k0_2 0.7701, k0_3 3.789, b_1 1.029, b_2 0.6149, b_3 1.021, U0_1 0.02688, Z_CC 1.327
  eval  49 (  789 s): rms   18.40 mV | k0_1 1.124, k0_2 0.7661, k0_3 3.789, b_1 1.029, b_2 0.6149, b_3 1.021, U0_1 0.02688, Z_CC 1.327
  eval  50 (  807 s): rms   18.42 mV | k0_1 1.124, k0_2 0.7701, k0_3 3.891, b_1 1.029, b_2 0.6149, b_3 1.021, U0_1 0.02688, Z_CC 1.327
  eval  51 (  823 s): rms   18.40 mV | k0_1 1.124, k0_2 0.7701, k0_3 3.789, b_1 1.029, b_2 0.6149, b_3 1.021, U0_1 0.02688, Z_CC 1.327
  eval  52 (  840 s): rms   18.40 mV | k0_1 1.124, k0_2 0.7701, k0_3 3.789, b_1 1.029, b_2 0.609, b_3 1.021, U0_1 0.02688, Z_CC 1.327
  eval  53 (  856 s): rms   18.40 mV | k0_1 1.124, k0_2 0.7701, k0_3 3.789, b_1 1.029, b_2 0.6149, b_3 1.021, U0_1 0.02688, Z_CC 1.327
  eval  54 (  873 s): rms   18.40 mV | k0_1 1.124, k0_2 0.7701, k0_3 3.789, b_1 1.029, b_2 0.6149, b_3 1.021, U0_1 0.02742, Z_CC 1.327
  eval  55 (  888 s): rms   18.44 mV | k0_1 1.124, k0_2 0.7701, k0_3 3.789, b_1 1.029, b_2 0.6149, b_3 1.021, U0_1 0.02688, Z_CC 1.334
  eval  56 (  904 s): rms   18.40 mV | k0_1 1.164, k0_2 0.7637, k0_3 3.773, b_1 1.034, b_2 0.6078, b_3 1.021, U0_1 0.02725, Z_CC 1.329
  eval  57 (  918 s): rms   18.40 mV | k0_1 1.129, k0_2 0.7699, k0_3 3.782, b_1 1.031, b_2 0.6117, b_3 1.021, U0_1 0.02742, Z_CC 1.328
  eval  58 (  932 s): rms   18.40 mV | k0_1 1.132, k0_2 0.7699, k0_3 3.782, b_1 1.031, b_2 0.6117, b_3 1.021, U0_1 0.02742, Z_CC 1.328
  eval  59 (  949 s): rms   18.40 mV | k0_1 1.129, k0_2 0.7659, k0_3 3.782, b_1 1.031, b_2 0.6117, b_3 1.021, U0_1 0.02742, Z_CC 1.328
  eval  60 (  964 s): rms   18.42 mV | k0_1 1.129, k0_2 0.7699, k0_3 3.884, b_1 1.031, b_2 0.6117, b_3 1.021, U0_1 0.02742, Z_CC 1.328
  eval  61 (  979 s): rms   18.40 mV | k0_1 1.129, k0_2 0.7699, k0_3 3.782, b_1 1.032, b_2 0.6117, b_3 1.021, U0_1 0.02742, Z_CC 1.328
  eval  62 (  994 s): rms   18.40 mV | k0_1 1.129, k0_2 0.7699, k0_3 3.782, b_1 1.031, b_2 0.6057, b_3 1.021, U0_1 0.02742, Z_CC 1.328
  eval  63 ( 1009 s): rms   18.40 mV | k0_1 1.129, k0_2 0.7699, k0_3 3.782, b_1 1.031, b_2 0.6117, b_3 1.021, U0_1 0.02742, Z_CC 1.328
  eval  64 ( 1024 s): rms   18.40 mV | k0_1 1.129, k0_2 0.7699, k0_3 3.782, b_1 1.031, b_2 0.6117, b_3 1.021, U0_1 0.02797, Z_CC 1.328
  eval  65 ( 1038 s): rms   18.44 mV | k0_1 1.129, k0_2 0.7699, k0_3 3.782, b_1 1.031, b_2 0.6117, b_3 1.021, U0_1 0.02742, Z_CC 1.335
  eval  66 ( 1055 s): rms   18.39 mV | k0_1 1.126, k0_2 0.7703, k0_3 3.769, b_1 1.023, b_2 0.6107, b_3 1.019, U0_1 0.02707, Z_CC 1.329
  eval  67 ( 1073 s): rms   18.39 mV | k0_1 1.129, k0_2 0.7703, k0_3 3.769, b_1 1.023, b_2 0.6107, b_3 1.019, U0_1 0.02707, Z_CC 1.329
  eval  68 ( 1087 s): rms   18.39 mV | k0_1 1.126, k0_2 0.7663, k0_3 3.769, b_1 1.023, b_2 0.6107, b_3 1.019, U0_1 0.02707, Z_CC 1.329
  eval  69 ( 1102 s): rms   18.42 mV | k0_1 1.126, k0_2 0.7703, k0_3 3.87, b_1 1.023, b_2 0.6107, b_3 1.019, U0_1 0.02707, Z_CC 1.329
  eval  70 ( 1117 s): rms   18.39 mV | k0_1 1.126, k0_2 0.7703, k0_3 3.769, b_1 1.023, b_2 0.6107, b_3 1.019, U0_1 0.02707, Z_CC 1.329
  eval  71 ( 1132 s): rms   18.40 mV | k0_1 1.126, k0_2 0.7703, k0_3 3.769, b_1 1.023, b_2 0.6047, b_3 1.019, U0_1 0.02707, Z_CC 1.329
  eval  72 ( 1146 s): rms   18.39 mV | k0_1 1.126, k0_2 0.7703, k0_3 3.769, b_1 1.023, b_2 0.6107, b_3 1.02, U0_1 0.02707, Z_CC 1.329
  eval  73 ( 1164 s): rms   18.40 mV | k0_1 1.126, k0_2 0.7703, k0_3 3.769, b_1 1.023, b_2 0.6107, b_3 1.019, U0_1 0.02761, Z_CC 1.329
  eval  74 ( 1179 s): rms   18.43 mV | k0_1 1.126, k0_2 0.7703, k0_3 3.769, b_1 1.023, b_2 0.6107, b_3 1.019, U0_1 0.02707, Z_CC 1.337
  eval  75 ( 1194 s): rms   18.39 mV | k0_1 1.125, k0_2 0.7704, k0_3 3.76, b_1 1.024, b_2 0.6105, b_3 1.019, U0_1 0.02698, Z_CC 1.329
  eval  76 ( 1208 s): rms   18.39 mV | k0_1 1.128, k0_2 0.7704, k0_3 3.76, b_1 1.024, b_2 0.6105, b_3 1.019, U0_1 0.02698, Z_CC 1.329
  eval  77 ( 1223 s): rms   18.39 mV | k0_1 1.125, k0_2 0.7664, k0_3 3.76, b_1 1.024, b_2 0.6105, b_3 1.019, U0_1 0.02698, Z_CC 1.329
  eval  78 ( 1239 s): rms   18.41 mV | k0_1 1.125, k0_2 0.7704, k0_3 3.861, b_1 1.024, b_2 0.6105, b_3 1.019, U0_1 0.02698, Z_CC 1.329
  eval  79 ( 1258 s): rms   18.39 mV | k0_1 1.125, k0_2 0.7704, k0_3 3.76, b_1 1.025, b_2 0.6105, b_3 1.019, U0_1 0.02698, Z_CC 1.329
  eval  80 ( 1280 s): rms   18.40 mV | k0_1 1.125, k0_2 0.7704, k0_3 3.76, b_1 1.024, b_2 0.6045, b_3 1.019, U0_1 0.02698, Z_CC 1.329
  eval  81 ( 1295 s): rms   18.39 mV | k0_1 1.125, k0_2 0.7704, k0_3 3.76, b_1 1.024, b_2 0.6105, b_3 1.02, U0_1 0.02698, Z_CC 1.329
  eval  82 ( 1310 s): rms   18.40 mV | k0_1 1.125, k0_2 0.7704, k0_3 3.76, b_1 1.024, b_2 0.6105, b_3 1.019, U0_1 0.02752, Z_CC 1.329
  eval  83 ( 1323 s): rms   18.43 mV | k0_1 1.125, k0_2 0.7704, k0_3 3.76, b_1 1.024, b_2 0.6105, b_3 1.019, U0_1 0.02698, Z_CC 1.336
  eval  84 ( 1336 s): rms   18.39 mV | k0_1 1.123, k0_2 0.7711, k0_3 3.762, b_1 1.023, b_2 0.6103, b_3 1.02, U0_1 0.02688, Z_CC 1.329
  eval  85 ( 1350 s): rms   18.39 mV | k0_1 1.125, k0_2 0.7705, k0_3 3.76, b_1 1.024, b_2 0.6104, b_3 1.02, U0_1 0.02697, Z_CC 1.329
  eval  86 ( 1364 s): rms   18.39 mV | k0_1 1.125, k0_2 0.7704, k0_3 3.76, b_1 1.024, b_2 0.6105, b_3 1.019, U0_1 0.02698, Z_CC 1.329
  eval  87 ( 1377 s): rms   18.39 mV | k0_1 1.125, k0_2 0.7704, k0_3 3.76, b_1 1.024, b_2 0.6105, b_3 1.019, U0_1 0.02698, Z_CC 1.329
  eval  88 ( 1391 s): rms   18.39 mV | k0_1 1.125, k0_2 0.7704, k0_3 3.76, b_1 1.024, b_2 0.6105, b_3 1.019, U0_1 0.02698, Z_CC 1.329
  eval  89 ( 1404 s): rms   18.39 mV | k0_1 1.125, k0_2 0.7704, k0_3 3.76, b_1 1.024, b_2 0.6105, b_3 1.019, U0_1 0.02698, Z_CC 1.329
  eval  90 ( 1418 s): rms   18.39 mV | k0_1 1.125, k0_2 0.7704, k0_3 3.76, b_1 1.024, b_2 0.6105, b_3 1.019, U0_1 0.02698, Z_CC 1.329
  eval  91 ( 1431 s): rms   18.39 mV | k0_1 1.125, k0_2 0.7704, k0_3 3.76, b_1 1.024, b_2 0.6105, b_3 1.019, U0_1 0.02698, Z_CC 1.329
  eval  92 ( 1444 s): rms   18.39 mV | k0_1 1.125, k0_2 0.7704, k0_3 3.76, b_1 1.024, b_2 0.6105, b_3 1.019, U0_1 0.02698, Z_CC 1.329
  eval  93 ( 1457 s): rms   18.39 mV | k0_1 1.125, k0_2 0.7704, k0_3 3.76, b_1 1.024, b_2 0.6105, b_3 1.019, U0_1 0.02698, Z_CC 1.329
{
 "fit_rates": [
  0.1,
  1.0
 ],
 "estimates": {
  "k0_1": 1.125322091702581,
  "k0_2": 0.770408814577589,
  "k0_3": 3.759868460826153,
  "b_1": 1.0240865727337445,
  "b_2": 0.6104655035590432,
  "b_3": 1.0192819094064056,
  "U0_1": 0.026979797104561866,
  "Z_CC": 1.3288554398829684
 },
 "sd_log_or_U0scaled": {
  "k0_1": 0.59750196553557,
  "k0_2": 0.3657094679218173,
  "k0_3": 0.3283799047954169,
  "b_1": 0.11146324887782547,
  "b_2": 0.17049561497201704,
  "b_3": 0.04650528688294266,
  "U0_1": 0.25309714883159967,
  "Z_CC": 0.0356607145759003
 },
 "rms_initial_mV": 48.67686070754093,
 "rms_fit_mV": 18.392582090103936,
 "nfev": 20,
 "per_rate_rms_mV": {
  "0.05C": {
   "nominal": 31.351329356759567,
   "fitted": 30.15969829069991,
   "role": "prediction"
  },
  "0.1C": {
   "nominal": 50.08917267685054,
   "fitted": 19.379298605088593,
   "role": "fit"
  },
  "0.2C": {
   "nominal": 61.014409168359705,
   "fitted": 30.725845054620077,
   "role": "prediction"
  },
  "1C": {
   "nominal": 46.47799577946893,
   "fitted": 16.804221737862402,
   "role": "fit"
  }
 },
 "wall_s": 1457.197437286377,
 "start": {
  "k0_1": 2.383,
  "k0_2": 1.808,
  "k0_3": 4.68,
  "b_1": 1.274,
  "b_2": 0.752,
  "b_3": 1.042,
  "U0_1": 0.03864,
  "Z_CC": 1.385
 }
}
