  eval   1 (   14 s): rms   48.68 mV | k0_1 1, k0_2 1, k0_3 1, b_1 1, b_2 1, b_3 1, U0_1 0, Z_CC 1
  eval   2 (   28 s): rms   18.43 mV | k0_1 1.037, k0_2 0.6775, k0_3 3.142, b_1 0.9979, b_2 0.5697, b_3 0.9973, U0_1 0.02442, Z_CC 1.318
  eval   3 (   42 s): rms   18.43 mV | k0_1 1.038, k0_2 0.6775, k0_3 3.142, b_1 0.9979, b_2 0.5697, b_3 0.9973, U0_1 0.02442, Z_CC 1.318
  eval   4 (   57 s): rms   18.43 mV | k0_1 1.037, k0_2 0.6722, k0_3 3.142, b_1 0.9979, b_2 0.5697, b_3 0.9973, U0_1 0.02442, Z_CC 1.318
  eval   5 (   70 s): rms   18.42 mV | k0_1 1.037, k0_2 0.6775, k0_3 3.214, b_1 0.9979, b_2 0.5697, b_3 0.9973, U0_1 0.02442, Z_CC 1.318
  eval   6 (   85 s): rms   18.43 mV | k0_1 1.037, k0_2 0.6775, k0_3 3.142, b_1 0.9979, b_2 0.5697, b_3 0.9973, U0_1 0.02442, Z_CC 1.318
  eval   7 (   98 s): rms   18.44 mV | k0_1 1.037, k0_2 0.6775, k0_3 3.142, b_1 0.9979, b_2 0.5634, b_3 0.9973, U0_1 0.02442, Z_CC 1.318
  eval   8 (  114 s): rms   18.43 mV | k0_1 1.037, k0_2 0.6775, k0_3 3.142, b_1 0.9979, b_2 0.5697, b_3 0.9973, U0_1 0.02442, Z_CC 1.318
  eval   9 (  130 s): rms   18.43 mV | k0_1 1.037, k0_2 0.6775, k0_3 3.142, b_1 0.9979, b_2 0.5697, b_3 0.9973, U0_1 0.02491, Z_CC 1.318
  eval  10 (  144 s): rms   18.47 mV | k0_1 1.037, k0_2 0.6775, k0_3 3.142, b_1 0.9979, b_2 0.5697, b_3 0.9973, U0_1 0.02442, Z_CC 1.326
  eval  11 (  158 s): rms   35.26 mV | k0_1 0.365, k0_2 0.5192, k0_3 2.509, b_1 1.188, b_2 0.6208, b_3 1.126, U0_1 0.06469, Z_CC 1.188
  eval  12 (  174 s): rms   26.99 mV | k0_1 0.8589, k0_2 0.6321, k0_3 3.127, b_1 1.129, b_2 0.6211, b_3 1.1, U0_1 0.03808, Z_CC 1.251
  eval  13 (  188 s): rms   20.15 mV | k0_1 1.038, k0_2 0.6708, k0_3 3.148, b_1 1.053, b_2 0.5835, b_3 1.04, U0_1 0.02617, Z_CC 1.293
  eval  14 (  203 s): rms   18.56 mV | k0_1 1.037, k0_2 0.6771, k0_3 3.143, b_1 1.013, b_2 0.5708, b_3 1.008, U0_1 0.02458, Z_CC 1.313
  eval  15 (  217 s): rms   18.43 mV | k0_1 1.037, k0_2 0.6775, k0_3 3.142, b_1 1.002, b_2 0.5698, b_3 1, U0_1 0.02444, Z_CC 1.318
  eval  16 (  231 s): rms   18.43 mV | k0_1 1.037, k0_2 0.6775, k0_3 3.142, b_1 0.9989, b_2 0.5697, b_3 0.998, U0_1 0.02442, Z_CC 1.318
  eval  17 (  246 s): rms   18.43 mV | k0_1 1.037, k0_2 0.6775, k0_3 3.142, b_1 0.9982, b_2 0.5697, b_3 0.9975, U0_1 0.02442, Z_CC 1.318
  eval  18 (  259 s): rms   18.43 mV | k0_1 1.038, k0_2 0.6775, k0_3 3.142, b_1 0.9982, b_2 0.5697, b_3 0.9975, U0_1 0.02442, Z_CC 1.318
  eval  19 (  274 s): rms   18.43 mV | k0_1 1.037, k0_2 0.6723, k0_3 3.142, b_1 0.9982, b_2 0.5697, b_3 0.9975, U0_1 0.02442, Z_CC 1.318
  eval  20 (  289 s): rms   18.42 mV | k0_1 1.037, k0_2 0.6775, k0_3 3.214, b_1 0.9982, b_2 0.5697, b_3 0.9975, U0_1 0.02442, Z_CC 1.318
  eval  21 (  303 s): rms   18.43 mV | k0_1 1.037, k0_2 0.6775, k0_3 3.142, b_1 0.9981, b_2 0.5697, b_3 0.9975, U0_1 0.02442, Z_CC 1.318
  eval  22 (  316 s): rms   18.44 mV | k0_1 1.037, k0_2 0.6775, k0_3 3.142, b_1 0.9982, b_2 0.5634, b_3 0.9975, U0_1 0.02442, Z_CC 1.318
  eval  23 (  330 s): rms   18.43 mV | k0_1 1.037, k0_2 0.6775, k0_3 3.142, b_1 0.9982, b_2 0.5697, b_3 0.9974, U0_1 0.02442, Z_CC 1.318
  eval  24 (  344 s): rms   18.43 mV | k0_1 1.037, k0_2 0.6775, k0_3 3.142, b_1 0.9982, b_2 0.5697, b_3 0.9975, U0_1 0.02491, Z_CC 1.318
  eval  25 (  358 s): rms   18.47 mV | k0_1 1.037, k0_2 0.6775, k0_3 3.142, b_1 0.9982, b_2 0.5697, b_3 0.9975, U0_1 0.02442, Z_CC 1.326
  eval  26 (  371 s): rms   18.43 mV | k0_1 1.037, k0_2 0.6775, k0_3 3.142, b_1 0.9982, b_2 0.5697, b_3 0.9975, U0_1 0.02442, Z_CC 1.318
  eval  27 (  386 s): rms   18.43 mV | k0_1 1.037, k0_2 0.6775, k0_3 3.142, b_1 0.9982, b_2 0.5697, b_3 0.9975, U0_1 0.02442, Z_CC 1.318
  eval  28 (  400 s): rms   18.43 mV | k0_1 1.037, k0_2 0.6775, k0_3 3.142, b_1 0.9982, b_2 0.5697, b_3 0.9975, U0_1 0.02442, Z_CC 1.318
  eval  29 (  414 s): rms   18.43 mV | k0_1 1.037, k0_2 0.6775, k0_3 3.142, b_1 0.9982, b_2 0.5697, b_3 0.9975, U0_1 0.02442, Z_CC 1.318
  eval  30 (  428 s): rms   18.43 mV | k0_1 1.037, k0_2 0.6775, k0_3 3.142, b_1 0.9982, b_2 0.5697, b_3 0.9975, U0_1 0.02442, Z_CC 1.318
  eval  31 (  442 s): rms   18.43 mV | k0_1 1.038, k0_2 0.6775, k0_3 3.142, b_1 0.9982, b_2 0.5697, b_3 0.9975, U0_1 0.02442, Z_CC 1.318
  eval  32 (  456 s): rms   18.43 mV | k0_1 1.037, k0_2 0.6723, k0_3 3.142, b_1 0.9982, b_2 0.5697, b_3 0.9975, U0_1 0.02442, Z_CC 1.318
  eval  33 (  471 s): rms   18.42 mV | k0_1 1.037, k0_2 0.6775, k0_3 3.214, b_1 0.9982, b_2 0.5697, b_3 0.9975, U0_1 0.02442, Z_CC 1.318
  eval  34 (  485 s): rms   18.43 mV | k0_1 1.037, k0_2 0.6775, k0_3 3.142, b_1 0.9981, b_2 0.5697, b_3 0.9975, U0_1 0.02442, Z_CC 1.318
  eval  35 (  500 s): rms   18.44 mV | k0_1 1.037, k0_2 0.6775, k0_3 3.142, b_1 0.9982, b_2 0.5634, b_3 0.9975, U0_1 0.02442, Z_CC 1.318
  eval  36 (  514 s): rms   18.43 mV | k0_1 1.037, k0_2 0.6775, k0_3 3.142, b_1 0.9982, b_2 0.5697, b_3 0.9974, U0_1 0.02442, Z_CC 1.318
  eval  37 (  528 s): rms   18.43 mV | k0_1 1.037, k0_2 0.6775, k0_3 3.142, b_1 0.9982, b_2 0.5697, b_3 0.9975, U0_1 0.02491, Z_CC 1.318
  eval  38 (  542 s): rms   18.47 mV | k0_1 1.037, k0_2 0.6775, k0_3 3.142, b_1 0.9982, b_2 0.5697, b_3 0.9975, U0_1 0.02442, Z_CC 1.326
  eval  39 (  556 s): rms   18.43 mV | k0_1 1.037, k0_2 0.6775, k0_3 3.142, b_1 0.9982, b_2 0.5697, b_3 0.9975, U0_1 0.02442, Z_CC 1.318
  eval  40 (  570 s): rms   18.43 mV | k0_1 1.037, k0_2 0.6775, k0_3 3.142, b_1 0.9982, b_2 0.5697, b_3 0.9975, U0_1 0.02442, Z_CC 1.318
  eval  41 (  584 s): rms   18.43 mV | k0_1 1.037, k0_2 0.6775, k0_3 3.142, b_1 0.9982, b_2 0.5697, b_3 0.9975, U0_1 0.02442, Z_CC 1.318
  eval  42 (  598 s): rms   18.43 mV | k0_1 1.037, k0_2 0.6775, k0_3 3.142, b_1 0.9982, b_2 0.5697, b_3 0.9975, U0_1 0.02442, Z_CC 1.318
{
 "fit_rates": [
  0.1,
  1.0
 ],
 "estimates": {
  "k0_1": 1.0372155285575846,
  "k0_2": 0.6775060745075032,
  "k0_3": 3.1417116388979145,
  "b_1": 0.9981505834995961,
  "b_2": 0.5697338219921829,
  "b_3": 0.9974934334852786,
  "U0_1": 0.024422171472982195,
  "Z_CC": 1.3184335542093788
 },
 "sd_log_or_U0scaled": {
  "k0_1": 0.6880874115209843,
  "k0_2": 0.3805871034808113,
  "k0_3": 0.46622713239423313,
  "b_1": 0.04213608831581662,
  "b_2": 0.168784462634956,
  "b_3": 0.054196276241369,
  "U0_1": 0.18211859878201075,
  "Z_CC": 0.05326241086643406
 },
 "rms_initial_mV": 48.67686070754093,
 "rms_fit_mV": 18.425905620211722,
 "nfev": 17,
 "per_rate_rms_mV": {
  "0.05C": {
   "nominal": 31.351329356759567,
   "fitted": 29.097840990919487,
   "role": "prediction"
  },
  "0.1C": {
   "nominal": 50.08917267685054,
   "fitted": 20.50064414433935,
   "role": "fit"
  },
  "0.2C": {
   "nominal": 61.014409168359705,
   "fitted": 31.77471836142454,
   "role": "prediction"
  },
  "1C": {
   "nominal": 46.47799577946893,
   "fitted": 14.777360363512875,
   "role": "fit"
  }
 },
 "wall_s": 597.8336849212646,
 "start": {
  "k0_1": 1.0372175956075629,
  "k0_2": 0.6775050733079556,
  "k0_3": 3.1417023160855777,
  "b_1": 0.9979048211403388,
  "b_2": 0.5697309705650253,
  "b_3": 0.9973258077169985,
  "U0_1": 0.02442162445905481,
  "Z_CC": 1.3184586282945276
 }
}
